Running Gradle task 'assembleDebug'...                          
WARNING: A restricted method in java.lang.System has been called
WARNING: java.lang.System::load has been called by net.rubygrapefruit.platform.internal.NativeLibraryLoader in an unnamed module (file:/home/vishalm/.gradle/wrapper/dists/gradle-8.12-all/ejduaidbjup3bmmkhw3rie4zb/gradle-8.12/lib/native-platform-0.22-milestone-27.jar)
WARNING: Use --enable-native-access=ALL-UNNAMED to avoid a warning for callers in this module
WARNING: Restricted methods will be blocked in a future release unless native access is enabled

Running Gradle task 'assembleDebug'...                             69.0s
Gradle task assembleDebug failed with exit code 130
